<html>
<body>
<pre>
<h1>µVision Build Log</h1>
<h2>Tool Versions:</h2>
IDE-Version: µVision V5.32.0.0
Copyright (C) 2020 ARM Ltd and ARM Germany GmbH. All rights reserved.
License Information: David Asgar-Deen, UMOVE, LIC=----
 
Tool Versions:
Toolchain:       MDK-Lite  Version: 5.32.0.0
Toolchain Path:  C:\Keil\ARM\ARMCC\Bin
C Compiler:      Armcc.exe V5.06 update 7 (build 960)
Assembler:       Armasm.exe V5.06 update 7 (build 960)
Linker/Locator:  ArmLink.exe V5.06 update 7 (build 960)
Library Manager: ArmAr.exe V5.06 update 7 (build 960)
Hex Converter:   FromElf.exe V5.06 update 7 (build 960)
CPU DLL:         SARMCM3.DLL V5.32.0.0
Dialog DLL:      DCM.DLL V1.17.3.0
Target DLL:      STLink\ST-LINKIII-KEIL_SWO.dll V3.0.8.0
Dialog DLL:      TCM.DLL V1.46.0.0
 
<h2>Project:</h2>
C:\Users\asgar\Documents\Work\NeuroNexus\NeuroGoGo\STM32Code\SSVEP_Controller\MDK-ARM\SSVEP_Controller.uvprojx
Project File Date:  11/26/2020

<h2>Output:</h2>
*** Using Compiler 'V5.06 update 7 (build 960)', folder: 'C:\Keil\ARM\ARMCC\Bin'
Rebuild target 'SSVEP_Controller'
assembling startup_stm32f103xb.s...
compiling FloatIntConv.c...
compiling stm32f1xx_hal_gpio_ex.c...
compiling stm32f1xx_hal_timebase_tim.c...
compiling stm32f1xx_it.c...
compiling stm32f1xx_hal.c...
compiling stm32f1xx_hal_msp.c...
compiling freertos.c...
compiling stm32f1xx_hal_rcc_ex.c...
compiling main.c...
../Core/Src/main.c(397): warning:  #111-D: statement is unreachable
  	osThreadTerminate(NULL);
../Core/Src/main.c(418): warning:  #111-D: statement is unreachable
  	osThreadTerminate(NULL);
../Core/Src/main.c(439): warning:  #111-D: statement is unreachable
  	osThreadTerminate(NULL);
../Core/Src/main.c(460): warning:  #111-D: statement is unreachable
  	osThreadTerminate(NULL);
../Core/Src/main.c(482): warning:  #111-D: statement is unreachable
  	osThreadTerminate(NULL);
../Core/Src/main.c(566): warning:  #111-D: statement is unreachable
  	osThreadTerminate(NULL);
../Core/Src/main.c: 6 warnings, 0 errors
compiling stm32f1xx_hal_gpio.c...
compiling stm32f1xx_hal_rcc.c...
compiling stm32f1xx_hal_dma.c...
compiling croutine.c...
compiling event_groups.c...
compiling list.c...
compiling stm32f1xx_hal_flash_ex.c...
compiling stm32f1xx_hal_cortex.c...
compiling stm32f1xx_hal_flash.c...
compiling stm32f1xx_hal_exti.c...
compiling system_stm32f1xx.c...
compiling stm32f1xx_hal_pwr.c...
compiling queue.c...
compiling heap_4.c...
compiling stream_buffer.c...
compiling timers.c...
compiling port.c...
compiling stm32f1xx_hal_spi.c...
compiling tasks.c...
compiling stm32f1xx_hal_tim_ex.c...
compiling cmsis_os2.c...
compiling stm32f1xx_hal_i2c.c...
compiling stm32f1xx_hal_tim.c...
linking...
Program Size: Code=13360 RO-data=576 RW-data=208 ZI-data=7624  
FromELF: creating hex file...
"SSVEP_Controller\SSVEP_Controller.axf" - 0 Error(s), 6 Warning(s).

<h2>Software Packages used:</h2>

Package Vendor: ARM
                http://www.keil.com/pack/ARM.CMSIS.5.7.0.pack
                ARM.CMSIS.5.7.0
                CMSIS (Cortex Microcontroller Software Interface Standard)
   * Component: CORE Version: 5.4.0

Package Vendor: Keil
                http://www.keil.com/pack/Keil.STM32F1xx_DFP.2.3.0.pack
                Keil.STM32F1xx_DFP.2.3.0
                STMicroelectronics STM32F1 Series Device Support, Drivers and Examples

<h2>Collection of Component include folders:</h2>
  .\RTE\_SSVEP_Controller
  C:\Users\asgar\AppData\Local\Arm\Packs\ARM\CMSIS\5.7.0\CMSIS\Core\Include
  C:\Users\asgar\AppData\Local\Arm\Packs\Keil\STM32F1xx_DFP\2.3.0\Device\Include

<h2>Collection of Component Files used:</h2>

   * Component: ARM::CMSIS:CORE:5.4.0
Build Time Elapsed:  00:00:04
</pre>
</body>
</html>
